openjdk version "21.0.9" 2025-10-21
OpenJDK Runtime Environment (build 21.0.9+10-Ubuntu-124.04)
OpenJDK 64-Bit Server VM (build 21.0.9+10-Ubuntu-124.04, mixed mode, sharing)
To honour the JVM settings for this build a single-use Daemon process will be forked. For more on this, please refer to https://docs.gradle.org/9.3.1/userguide/gradle_daemon.html#sec:disabling_the_daemon in the Gradle documentation.
Daemon will be stopped at the end of the build
Calculating task graph as no cached configuration is available for tasks: testDebugUnitTest
> Task :app:preBuild UP-TO-DATE
> Task :app:preDebugUnitTestBuild UP-TO-DATE
> Task :app:preDebugBuild UP-TO-DATE
> Task :app:generateDebugResources
> Task :app:generateDebugBuildConfig
> Task :app:packageDebugResources
> Task :app:javaPreCompileDebug
> Task :app:processDebugNavigationResources
> Task :app:checkDebugAarMetadata
> Task :app:mapDebugSourceSetPaths
> Task :app:compileDebugNavigationResources
> Task :app:createDebugCompatibleScreenManifests
> Task :app:extractDeepLinksDebug
> Task :app:parseDebugLocalResources
> Task :app:generateDebugRFile
> Task :app:javaPreCompileDebugUnitTest
> Task :app:mergeDebugResources
> Task :app:processDebugMainManifest
> Task :app:processDebugManifest
> Task :app:processDebugManifestForPackage
> Task :app:processDebugResources
> Task :app:kspDebugKotlin
> Task :app:compileDebugKotlin
w: file:///app/app/src/main/java/com/kai/ghostmesh/core/mesh/FileTransferManager.kt:196:17 Condition is always 'true'.
w: file:///app/app/src/main/java/com/kai/ghostmesh/core/mesh/FileTransferManager.kt:196:45 Condition is always 'true'.
w: file:///app/app/src/main/java/com/kai/ghostmesh/core/mesh/FileTransferManager.kt:218:17 Condition is always 'true'.
w: file:///app/app/src/main/java/com/kai/ghostmesh/core/mesh/FileTransferManager.kt:218:44 Condition is always 'true'.
w: file:///app/app/src/main/java/com/kai/ghostmesh/core/mesh/MeshManager.kt:49:10 This declaration is in a preview state and can be changed in a backwards-incompatible manner with a best-effort migration. Its usage should be marked with '@kotlinx.coroutines.FlowPreview' or '@OptIn(kotlinx.coroutines.FlowPreview::class)' if you accept the drawback of relying on preview API
w: file:///app/app/src/main/java/com/kai/ghostmesh/core/mesh/transports/LanTransport.kt:229:32 'fun resolveService(p0: NsdServiceInfo, p1: Executor, p2: NsdManager.ResolveListener): Unit' is deprecated. Deprecated in Java.
w: file:///app/app/src/main/java/com/kai/ghostmesh/features/chat/ChatViewModel.kt:70:36 Unnecessary safe call on a non-null receiver of type 'MeshManager'.

> Task :app:processDebugJavaRes
> Task :app:compileDebugJavaWithJavac
> Task :app:bundleDebugClassesToCompileJar
> Task :app:bundleDebugClassesToRuntimeJar

> Task :app:kspDebugUnitTestKotlin
WARN: zip END header not found: /app/app/build/intermediates/compile_app_classes_jar/debug/bundleDebugClassesToCompileJar/classes.jar
java.util.zip.ZipException: zip END header not found
	at java.base/java.util.zip.ZipFile$Source.findEND(ZipFile.java:1649)
	at java.base/java.util.zip.ZipFile$Source.initCEN(ZipFile.java:1657)
	at java.base/java.util.zip.ZipFile$Source.<init>(ZipFile.java:1495)
	at java.base/java.util.zip.ZipFile$Source.get(ZipFile.java:1458)
	at java.base/java.util.zip.ZipFile$CleanableResource.<init>(ZipFile.java:724)
	at java.base/java.util.zip.ZipFile.<init>(ZipFile.java:251)
	at java.base/java.util.zip.ZipFile.<init>(ZipFile.java:180)
	at java.base/java.util.zip.ZipFile.<init>(ZipFile.java:194)
	at ksp.com.intellij.openapi.vfs.impl.JavaZipFileWrapper.<init>(JavaZipFileWrapper.java:22)
	at ksp.com.intellij.openapi.vfs.impl.ZipHandlerBase.getZipFileWrapper(ZipHandlerBase.java:33)
	at ksp.com.intellij.openapi.vfs.impl.ZipHandler$1.createAccessor(ZipHandler.java:22)
	at ksp.com.intellij.openapi.vfs.impl.ZipHandler$1.createAccessor(ZipHandler.java:15)
	at ksp.com.intellij.util.io.FileAccessorCache.createHandle(FileAccessorCache.java:77)
	at ksp.com.intellij.util.io.FileAccessorCache.lambda$get$0(FileAccessorCache.java:66)
	at ksp.com.intellij.util.io.FileAccessorCache.withUpdateLock(FileAccessorCache.java:142)
	at ksp.com.intellij.util.io.FileAccessorCache.get(FileAccessorCache.java:62)
	at ksp.com.intellij.openapi.vfs.impl.ZipHandler.acquireZipHandle(ZipHandler.java:46)
	at ksp.com.intellij.openapi.vfs.impl.ZipHandlerBase.createEntriesMap(ZipHandlerBase.java:63)
	at ksp.com.intellij.openapi.vfs.impl.ArchiveHandler.getEntriesMap(ArchiveHandler.java:193)
	at ksp.com.intellij.openapi.vfs.impl.jar.CoreJarHandler.<init>(CoreJarHandler.java:25)
	at ksp.com.intellij.openapi.vfs.impl.jar.CoreJarFileSystem.lambda$new$0(CoreJarFileSystem.java:17)
	at ksp.com.intellij.util.containers.ConcurrentFactoryMap$2.create(ConcurrentFactoryMap.java:174)
	at ksp.com.intellij.util.containers.ConcurrentFactoryMap.get(ConcurrentFactoryMap.java:40)
	at ksp.com.intellij.openapi.vfs.impl.jar.CoreJarFileSystem.findFileByPath(CoreJarFileSystem.java:27)
	at ksp.org.jetbrains.kotlin.analysis.api.standalone.base.projectStructure.StandaloneProjectFactory.getVirtualFilesForLibraryRoots(StandaloneProjectFactory.kt:485)
	at com.google.devtools.ksp.standalone.KspLibraryModuleBuilder.build(KspLibraryModuleBuilder.kt:56)
	at com.google.devtools.ksp.standalone.KspLibraryModuleBuilder.build(KspLibraryModuleBuilder.kt:49)
	at com.google.devtools.ksp.impl.KotlinSymbolProcessing.createAASession$lambda$0$addModuleDependencies(KotlinSymbolProcessing.kt:889)
	at com.google.devtools.ksp.impl.KotlinSymbolProcessing.createAASession(KotlinSymbolProcessing.kt:226)
	at com.google.devtools.ksp.impl.KotlinSymbolProcessing.execute(KotlinSymbolProcessing.kt:471)
	at com.google.devtools.ksp.impl.KSPLoader$Companion.loadAndRunKSP(KSPLoader.kt:37)
	at com.google.devtools.ksp.impl.KSPLoader.loadAndRunKSP(KSPLoader.kt)
	at java.base/jdk.internal.reflect.DirectMethodHandleAccessor.invoke(DirectMethodHandleAccessor.java:103)
	at java.base/java.lang.reflect.Method.invoke(Method.java:580)
	at com.google.devtools.ksp.gradle.KspAAWorkerAction.execute(KspAATask.kt:709)
	at org.gradle.workers.internal.DefaultWorkerServer.execute(DefaultWorkerServer.java:68)
	at org.gradle.workers.internal.NoIsolationWorkerFactory$1$1.create(NoIsolationWorkerFactory.java:64)
	at org.gradle.workers.internal.NoIsolationWorkerFactory$1$1.create(NoIsolationWorkerFactory.java:61)
	at org.gradle.internal.classloader.ClassLoaderUtils.executeInClassloader(ClassLoaderUtils.java:102)
	at org.gradle.workers.internal.NoIsolationWorkerFactory$1.lambda$execute$0(NoIsolationWorkerFactory.java:61)
	at org.gradle.workers.internal.AbstractWorker$1.call(AbstractWorker.java:44)
	at org.gradle.workers.internal.AbstractWorker$1.call(AbstractWorker.java:41)
	at org.gradle.internal.operations.DefaultBuildOperationRunner$CallableBuildOperationWorker.execute(DefaultBuildOperationRunner.java:209)
	at org.gradle.internal.operations.DefaultBuildOperationRunner$CallableBuildOperationWorker.execute(DefaultBuildOperationRunner.java:204)
	at org.gradle.internal.operations.DefaultBuildOperationRunner$2.execute(DefaultBuildOperationRunner.java:66)
	at org.gradle.internal.operations.DefaultBuildOperationRunner$2.execute(DefaultBuildOperationRunner.java:59)
	at org.gradle.internal.operations.DefaultBuildOperationRunner.execute(DefaultBuildOperationRunner.java:166)
	at org.gradle.internal.operations.DefaultBuildOperationRunner.execute(DefaultBuildOperationRunner.java:59)
	at org.gradle.internal.operations.DefaultBuildOperationRunner.call(DefaultBuildOperationRunner.java:53)
	at org.gradle.workers.internal.AbstractWorker.executeWrappedInBuildOperation(AbstractWorker.java:41)
	at org.gradle.workers.internal.NoIsolationWorkerFactory$1.execute(NoIsolationWorkerFactory.java:58)
	at org.gradle.workers.internal.DefaultWorkerExecutor.lambda$submitWork$0(DefaultWorkerExecutor.java:176)
	at java.base/java.util.concurrent.FutureTask.run(FutureTask.java:317)
	at org.gradle.internal.work.DefaultConditionalExecutionQueue$ExecutionRunner.runExecution(DefaultConditionalExecutionQueue.java:194)
	at org.gradle.internal.work.DefaultConditionalExecutionQueue$ExecutionRunner.access$700(DefaultConditionalExecutionQueue.java:127)
	at org.gradle.internal.work.DefaultConditionalExecutionQueue$ExecutionRunner$1.run(DefaultConditionalExecutionQueue.java:169)
	at org.gradle.internal.Factories$1.create(Factories.java:30)
	at org.gradle.internal.work.DefaultWorkerLeaseService.lambda$withLocksAcquired$0(DefaultWorkerLeaseService.java:269)
	at org.gradle.internal.work.ResourceLockStatistics$1.measure(ResourceLockStatistics.java:42)
	at org.gradle.internal.work.DefaultWorkerLeaseService.withLocksAcquired(DefaultWorkerLeaseService.java:267)
	at org.gradle.internal.work.DefaultWorkerLeaseService.withLocks(DefaultWorkerLeaseService.java:259)
	at org.gradle.internal.work.DefaultWorkerLeaseService.runAsWorkerThread(DefaultWorkerLeaseService.java:127)
	at org.gradle.internal.work.DefaultWorkerLeaseService.runAsWorkerThread(DefaultWorkerLeaseService.java:132)
	at org.gradle.internal.work.DefaultConditionalExecutionQueue$ExecutionRunner.runBatch(DefaultConditionalExecutionQueue.java:164)
	at org.gradle.internal.work.DefaultConditionalExecutionQueue$ExecutionRunner.run(DefaultConditionalExecutionQueue.java:133)
	at java.base/java.util.concurrent.Executors$RunnableAdapter.call(Executors.java:572)
	at java.base/java.util.concurrent.FutureTask.run(FutureTask.java:317)
	at org.gradle.internal.concurrent.ExecutorPolicy$CatchAndRecordFailures.onExecute(ExecutorPolicy.java:64)
	at org.gradle.internal.concurrent.AbstractManagedExecutor$1.run(AbstractManagedExecutor.java:47)
	at java.base/java.util.concurrent.ThreadPoolExecutor.runWorker(ThreadPoolExecutor.java:1144)
	at java.base/java.util.concurrent.ThreadPoolExecutor$Worker.run(ThreadPoolExecutor.java:642)
	at java.base/java.lang.Thread.run(Thread.java:1583)

> Task :app:compileDebugUnitTestKotlin FAILED
e: file:///app/app/src/test/java/com/kai/ghostmesh/data/DatabaseMigrationTest.kt:42:9 Unresolved reference 'assertTrue'.

FAILURE: Build failed with an exception.

* What went wrong:
Execution failed for task ':app:compileDebugUnitTestKotlin'.
> A failure occurred while executing org.jetbrains.kotlin.compilerRunner.GradleCompilerRunnerWithWorkers$GradleKotlinCompilerWorkAction
   > Compilation error. See log for more details

* Try:
> Run with --stacktrace option to get the stack trace.
> Run with --info or --debug option to get more log output.
> Run with --scan to get full insights from a Build Scan (powered by Develocity).
> Get more help at https://help.gradle.org.

BUILD FAILED in 3m 10s
26 actionable tasks: 26 executed
Configuration cache entry stored.
